[18:59:21] [main/INFO] (FabricLoader/GameProvider) Loading Minecraft 1.20.1 with Fabric Loader 0.17.2
[18:59:23] [main/INFO] (FabricLoader) Loading 59 mods:
	- fabric-api 0.92.6+1.20.1
	- fabric-api-base 0.4.32+1802ada577
	- fabric-api-lookup-api-v1 1.6.37+1802ada577
	- fabric-biome-api-v1 13.0.14+1802ada577
	- fabric-block-api-v1 1.0.12+1802ada577
	- fabric-block-view-api-v2 1.0.3+924f046a77
	- fabric-blockrenderlayer-v1 1.1.42+1802ada577
	- fabric-client-tags-api-v1 1.1.3+1802ada577
	- fabric-command-api-v1 1.2.35+f71b366f77
	- fabric-command-api-v2 2.2.14+1802ada577
	- fabric-commands-v0 0.2.52+df3654b377
	- fabric-containers-v0 0.1.67+df3654b377
	- fabric-content-registries-v0 4.0.13+1802ada577
	- fabric-convention-tags-v1 1.5.6+1802ada577
	- fabric-crash-report-info-v1 0.2.20+1802ada577
	- fabric-data-attachment-api-v1 1.0.2+de0fd6d177
	- fabric-data-generation-api-v1 12.3.7+1802ada577
	- fabric-dimensions-v1 2.1.55+1802ada577
	- fabric-entity-events-v1 1.6.1+1c78457f77
	- fabric-events-interaction-v0 0.6.5+13a40c6677
	- fabric-events-lifecycle-v0 0.2.64+df3654b377
	- fabric-game-rule-api-v1 1.0.41+1802ada577
	- fabric-gametest-api-v1 1.2.15+1802ada577
	- fabric-item-api-v1 2.1.29+1802ada577
	- fabric-item-group-api-v1 4.0.14+1802ada577
	- fabric-key-binding-api-v1 1.0.38+1802ada577
	- fabric-keybindings-v0 0.2.36+df3654b377
	- fabric-lifecycle-events-v1 2.2.23+1802ada577
	- fabric-loot-api-v2 1.2.3+1802ada577
	- fabric-loot-tables-v1 1.1.47+9e7660c677
	- fabric-message-api-v1 5.1.10+1802ada577
	- fabric-mining-level-api-v1 2.1.52+1802ada577
	- fabric-model-loading-api-v1 1.0.4+1802ada577
	- fabric-models-v0 0.4.3+9386d8a777
	- fabric-networking-api-v1 1.3.14+a158aa0477
	- fabric-networking-v0 0.3.54+df3654b377
	- fabric-object-builder-api-v1 11.1.5+e35120df77
	- fabric-particles-v1 1.1.3+1802ada577
	- fabric-recipe-api-v1 1.0.24+1802ada577
	- fabric-registry-sync-v0 2.3.6+1802ada577
	- fabric-renderer-api-v1 3.2.2+1802ada577
	- fabric-renderer-indigo 1.5.3+85287f9f77
	- fabric-renderer-registries-v1 3.2.47+df3654b377
	- fabric-rendering-data-attachment-v1 0.3.39+92a0d36777
	- fabric-rendering-fluids-v1 3.0.29+1802ada577
	- fabric-rendering-v0 1.1.50+df3654b377
	- fabric-rendering-v1 3.0.9+1802ada577
	- fabric-resource-conditions-api-v1 2.3.9+1802ada577
	- fabric-resource-loader-v0 0.11.12+fb82e9d777
	- fabric-screen-api-v1 2.0.9+1802ada577
	- fabric-screen-handler-api-v1 1.3.33+1802ada577
	- fabric-sound-api-v1 1.0.14+1802ada577
	- fabric-transfer-api-v1 3.3.6+8dd72ea377
	- fabric-transitive-access-wideners-v1 4.3.2+1802ada577
	- fabricloader 0.17.2
	- java 17
	- minecraft 1.20.1
	- minepyloader 0.4.0-alpha.1+build.20250829
	- mixinextras 0.5.0
[18:59:23] [main/INFO] (FabricLoader/Mixin) SpongePowered MIXIN Subsystem Version=0.8.7 Source=file:/C:/Users/MMSY/.gradle/caches/modules-2/files-2.1/net.fabricmc/sponge-mixin/0.16.3+mixin.0.8.7/3e535042688d1265447e52ad86950b7d9678a5fa/sponge-mixin-0.16.3+mixin.0.8.7.jar Service=Knot/Fabric Env=CLIENT
[18:59:23] [main/INFO] (FabricLoader/Mixin) Loaded Fabric development mappings for mixin remapper!
[18:59:23] [main/INFO] (FabricLoader/Mixin) Compatibility level set to JAVA_16
[18:59:23] [main/INFO] (FabricLoader/Mixin) Compatibility level set to JAVA_17
[18:59:26] [main/INFO] (FabricLoader/MixinExtras|Service) Initializing MixinExtras via com.llamalad7.mixinextras.service.MixinExtrasServiceImpl(version=0.5.0).
[18:59:38] [Datafixer Bootstrap/INFO] (Minecraft) 188 Datafixer optimizations took 447 milliseconds
[18:59:42] [Render thread/INFO] (Minecraft) Environment: authHost='https://authserver.mojang.com', accountsHost='https://api.mojang.com', sessionHost='https://sessionserver.mojang.com', servicesHost='https://api.minecraftservices.com', name='PROD'
[18:59:43] [Render thread/ERROR] (Minecraft) Failed to verify authentication
com.mojang.authlib.exceptions.InvalidCredentialsException: Status: 401
	at com.mojang.authlib.exceptions.MinecraftClientHttpException.toAuthenticationException(MinecraftClientHttpException.java:56) ~[authlib-4.0.43.jar:?]
	at com.mojang.authlib.yggdrasil.YggdrasilUserApiService.fetchProperties(YggdrasilUserApiService.java:156) ~[authlib-4.0.43.jar:?]
	at com.mojang.authlib.yggdrasil.YggdrasilUserApiService.<init>(YggdrasilUserApiService.java:55) ~[authlib-4.0.43.jar:?]
	at com.mojang.authlib.yggdrasil.YggdrasilAuthenticationService.createUserApiService(YggdrasilAuthenticationService.java:124) ~[authlib-4.0.43.jar:?]
	at net.minecraft.client.MinecraftClient.createUserApiService(MinecraftClient.java:733) ~[minecraft-merged-7787b014d4-1.20.1-net.fabricmc.yarn.1_20_1.1.20.1+build.10-v2.jar:?]
	at net.minecraft.client.MinecraftClient.<init>(MinecraftClient.java:498) ~[minecraft-merged-7787b014d4-1.20.1-net.fabricmc.yarn.1_20_1.1.20.1+build.10-v2.jar:?]
	at net.minecraft.client.main.Main.main(Main.java:188) ~[minecraft-merged-7787b014d4-1.20.1-net.fabricmc.yarn.1_20_1.1.20.1+build.10-v2.jar:?]
	at net.fabricmc.loader.impl.game.minecraft.MinecraftGameProvider.launch(MinecraftGameProvider.java:506) ~[fabric-loader-0.17.2.jar:?]
	at net.fabricmc.loader.impl.launch.knot.Knot.launch(Knot.java:72) ~[fabric-loader-0.17.2.jar:?]
	at net.fabricmc.loader.impl.launch.knot.KnotClient.main(KnotClient.java:23) ~[fabric-loader-0.17.2.jar:?]
	at net.fabricmc.devlaunchinjector.Main.main(Main.java:86) ~[dev-launch-injector-0.2.1+build.8.jar:?]
Caused by: com.mojang.authlib.exceptions.MinecraftClientHttpException: Status: 401
	at com.mojang.authlib.minecraft.client.MinecraftClient.readInputStream(MinecraftClient.java:85) ~[authlib-4.0.43.jar:?]
	at com.mojang.authlib.minecraft.client.MinecraftClient.get(MinecraftClient.java:48) ~[authlib-4.0.43.jar:?]
	at com.mojang.authlib.yggdrasil.YggdrasilUserApiService.fetchProperties(YggdrasilUserApiService.java:129) ~[authlib-4.0.43.jar:?]
	... 9 more
[18:59:43] [Render thread/INFO] (Minecraft) Setting user: Player783
[18:59:44] [Render thread/INFO] (MinepyLoader) Minepy Loader Version: Demo-0.0.1
[18:59:44] [Render thread/INFO] (MinepyLoader) initialize all code:
[18:59:44] [Render thread/INFO] (123) text  ::  {color=red,bold,!italic,!underlined,!strikethrough,!obfuscated}
[18:59:44] [Render thread/INFO] (Indigo) [Indigo] Registering Indigo renderer!
[18:59:45] [Render thread/INFO] (Minecraft) Backend library: LWJGL version 3.3.2-snapshot
[18:59:49] [Render thread/INFO] (Minecraft) Reloading ResourceManager: vanilla, fabric (fabric-convention-tags-v1, fabric-crash-report-info-v1, fabric-gametest-api-v1, fabric-mining-level-api-v1, fabric-keybindings-v0, fabric-dimensions-v1, fabric-registry-sync-v0, fabric-screen-handler-api-v1, fabric-particles-v1, fabric-transitive-access-wideners-v1, fabric-containers-v0, fabric-renderer-api-v1, fabric-api-lookup-api-v1, fabric-recipe-api-v1, fabric-api-base, fabric-transfer-api-v1, fabric-rendering-data-attachment-v1, fabric-models-v0, fabric-block-view-api-v2, fabric-networking-api-v1, fabric-rendering-v1, fabric-events-interaction-v0, fabric-networking-v0, fabric-item-api-v1, fabric-rendering-v0, fabricloader, fabric-data-generation-api-v1, fabric-commands-v0, fabric-sound-api-v1, fabric-api, fabric-content-registries-v0, fabric-loot-api-v2, fabric-loot-tables-v1, fabric-renderer-registries-v1, fabric-renderer-indigo, fabric-game-rule-api-v1, fabric-biome-api-v1, fabric-command-api-v2, fabric-rendering-fluids-v1, fabric-object-builder-api-v1, fabric-lifecycle-events-v1, fabric-blockrenderlayer-v1, fabric-command-api-v1, fabric-data-attachment-api-v1, fabric-item-group-api-v1, fabric-block-api-v1, fabric-client-tags-api-v1, fabric-model-loading-api-v1, fabric-key-binding-api-v1, fabric-message-api-v1, minepyloader, fabric-events-lifecycle-v0, fabric-resource-conditions-api-v1, fabric-screen-api-v1, fabric-resource-loader-v0, fabric-entity-events-v1)
[18:59:50] [Worker-Main-2/INFO] (Minecraft) Found unifont_all_no_pua-15.0.06.hex, loading
[18:59:50] [Realms Notification Availability checker #1/INFO] (Minecraft) Could not authorize you against Realms server: java.lang.RuntimeException: Failed to parse into SignedJWT: FabricMC
[18:59:57] [Render thread/WARN] (Minecraft) Missing sound for event: minecraft:item.goat_horn.play
[18:59:58] [Render thread/WARN] (Minecraft) Missing sound for event: minecraft:entity.goat.screaming.horn_break
[18:59:59] [Render thread/INFO] (Minecraft) OpenAL initialized on device OpenAL Soft on 扬声器 (Realtek(R) Audio)
[18:59:59] [Render thread/INFO] (Minecraft) Sound engine started
[18:59:59] [Render thread/INFO] (Minecraft) Created: 1024x512x4 minecraft:textures/atlas/blocks.png-atlas
[19:00:01] [Render thread/INFO] (Minecraft) Created: 256x256x4 minecraft:textures/atlas/signs.png-atlas
[19:00:01] [Render thread/INFO] (Minecraft) Created: 512x512x4 minecraft:textures/atlas/banner_patterns.png-atlas
[19:00:02] [Render thread/INFO] (Minecraft) Created: 512x512x4 minecraft:textures/atlas/shield_patterns.png-atlas
[19:00:02] [Render thread/INFO] (Minecraft) Created: 1024x1024x4 minecraft:textures/atlas/armor_trims.png-atlas
[19:00:03] [Render thread/INFO] (Minecraft) Created: 256x256x4 minecraft:textures/atlas/chest.png-atlas
[19:00:03] [Render thread/INFO] (Minecraft) Created: 128x64x4 minecraft:textures/atlas/decorated_pot.png-atlas
[19:00:03] [Render thread/INFO] (Minecraft) Created: 512x256x4 minecraft:textures/atlas/shulker_boxes.png-atlas
[19:00:03] [Render thread/INFO] (Minecraft) Created: 512x256x4 minecraft:textures/atlas/beds.png-atlas
[19:00:06] [Render thread/WARN] (Minecraft) Shader rendertype_entity_translucent_emissive could not find sampler named Sampler2 in the specified shader program.
[19:00:07] [Render thread/INFO] (Minecraft) Created: 256x256x0 minecraft:textures/atlas/particles.png-atlas
[19:00:07] [Render thread/INFO] (Minecraft) Created: 256x256x0 minecraft:textures/atlas/paintings.png-atlas
[19:00:07] [Render thread/INFO] (Minecraft) Created: 128x128x0 minecraft:textures/atlas/mob_effects.png-atlas
[19:00:22] [Render thread/INFO] (Minecraft) Loaded 7 recipes
[19:00:22] [Render thread/INFO] (Minecraft) Loaded 1271 advancements
[19:00:26] [Render thread/INFO] (BiomeModificationImpl) Applied 0 biome modifications to 0 of 64 new biomes in 4.107 ms
[19:00:26] [Server thread/INFO] (Minecraft) Starting integrated minecraft server version 1.20.1
[19:00:26] [Server thread/INFO] (Minecraft) Generating keypair
[19:00:34] [Server thread/INFO] (Minecraft) Preparing start region for dimension minecraft:overworld
[19:00:42] [Render thread/INFO] (Minecraft) Preparing spawn area: 0%
[19:00:42] [Render thread/INFO] (Minecraft) Preparing spawn area: 0%
[19:00:43] [Render thread/INFO] (Minecraft) Preparing spawn area: 0%
[19:00:43] [Render thread/INFO] (Minecraft) Preparing spawn area: 0%
[19:00:43] [Render thread/INFO] (Minecraft) Preparing spawn area: 0%
[19:00:43] [Render thread/INFO] (Minecraft) Preparing spawn area: 0%
[19:00:43] [Render thread/INFO] (Minecraft) Preparing spawn area: 0%
[19:00:43] [Render thread/INFO] (Minecraft) Preparing spawn area: 0%
[19:00:43] [Render thread/INFO] (Minecraft) Preparing spawn area: 0%
[19:00:43] [Render thread/INFO] (Minecraft) Preparing spawn area: 0%
[19:00:43] [Render thread/INFO] (Minecraft) Preparing spawn area: 0%
[19:00:43] [Render thread/INFO] (Minecraft) Preparing spawn area: 0%
[19:00:43] [Render thread/INFO] (Minecraft) Preparing spawn area: 0%
[19:00:43] [Render thread/INFO] (Minecraft) Preparing spawn area: 0%
[19:00:43] [Render thread/INFO] (Minecraft) Preparing spawn area: 0%
[19:00:43] [Render thread/INFO] (Minecraft) Preparing spawn area: 0%
[19:00:43] [Render thread/INFO] (Minecraft) Preparing spawn area: 0%
[19:00:43] [Render thread/INFO] (Minecraft) Preparing spawn area: 0%
[19:00:43] [Render thread/INFO] (Minecraft) Preparing spawn area: 0%
[19:00:43] [Render thread/INFO] (Minecraft) Preparing spawn area: 0%
[19:00:44] [Render thread/INFO] (Minecraft) Preparing spawn area: 0%
[19:00:45] [Render thread/INFO] (Minecraft) Preparing spawn area: 0%
[19:00:45] [Render thread/INFO] (Minecraft) Preparing spawn area: 0%
[19:00:45] [Render thread/INFO] (Minecraft) Preparing spawn area: 0%
[19:00:46] [Render thread/INFO] (Minecraft) Preparing spawn area: 0%
[19:00:46] [Render thread/INFO] (Minecraft) Preparing spawn area: 0%
[19:00:47] [Render thread/INFO] (Minecraft) Preparing spawn area: 0%
[19:00:47] [Render thread/INFO] (Minecraft) Preparing spawn area: 0%
[19:00:48] [Render thread/INFO] (Minecraft) Preparing spawn area: 0%
[19:00:48] [Render thread/INFO] (Minecraft) Preparing spawn area: 0%
[19:00:49] [Render thread/INFO] (Minecraft) Preparing spawn area: 0%
[19:00:49] [Render thread/INFO] (Minecraft) Preparing spawn area: 0%
[19:00:50] [Render thread/INFO] (Minecraft) Preparing spawn area: 0%
[19:00:50] [Render thread/INFO] (Minecraft) Preparing spawn area: 0%
[19:00:51] [Render thread/INFO] (Minecraft) Preparing spawn area: 10%
[19:00:51] [Render thread/INFO] (Minecraft) Preparing spawn area: 15%
[19:00:52] [Render thread/INFO] (Minecraft) Preparing spawn area: 48%
[19:00:52] [Render thread/INFO] (Minecraft) Preparing spawn area: 55%
[19:00:53] [Render thread/INFO] (Minecraft) Preparing spawn area: 55%
[19:00:53] [Render thread/INFO] (Minecraft) Preparing spawn area: 55%
[19:00:54] [Render thread/INFO] (Minecraft) Preparing spawn area: 55%
[19:00:54] [Render thread/INFO] (Minecraft) Time elapsed: 20772 ms
[19:00:55] [Server thread/INFO] (Minecraft) Changing view distance to 2, from 10
[19:00:55] [Server thread/INFO] (Minecraft) Changing simulation distance to 5, from 0
[19:00:57] [Server thread/WARN] (Minecraft) Can't keep up! Is the server overloaded? Running 2264ms or 45 ticks behind
[19:01:02] [Server thread/INFO] (Minecraft) Player783[local:E:e13fc3b1] logged in with entity id 234 at (-64.67884113196169, 122.24014560397896, -17.205098991304464)
[19:01:02] [Server thread/INFO] (Minecraft) Player783 joined the game
[19:01:06] [Render thread/INFO] (Minecraft) Loaded 2 advancements
[19:01:19] [ForkJoinPool.commonPool-worker-2/INFO] (Minecraft) Unknown or incomplete command, see below for error
[19:01:19] [ForkJoinPool.commonPool-worker-2/INFO] (Minecraft) <--[HERE]
[19:01:19] [Render thread/INFO] (Minecraft) [System] [CHAT] 已执行: /
[19:01:37] [ForkJoinPool.commonPool-worker-4/INFO] (Minecraft) Gave 1 [Air] to Player783
[19:01:37] [Render thread/INFO] (Minecraft) [System] [CHAT] [Player783: Gave 1 [Air] to Player783]
[19:01:37] [Render thread/INFO] (Minecraft) [System] [CHAT] 已执行: give @a air
[19:01:37] [Render thread/INFO] (Minecraft) [System] [CHAT] 已执行: /methods test.run "give @a air"
[19:01:44] [ForkJoinPool.commonPool-worker-4/INFO] (Minecraft) Player783 has made the advancement [Diamonds!]
[19:01:44] [ForkJoinPool.commonPool-worker-4/INFO] (Minecraft) Gave 1 [Diamond] to Player783
[19:01:44] [Render thread/INFO] (Minecraft) [System] [CHAT] Player783 has made the advancement [Diamonds!]
[19:01:44] [Render thread/INFO] (Minecraft) [System] [CHAT] [Player783: Gave 1 [Diamond] to Player783]
[19:01:44] [Render thread/INFO] (Minecraft) [System] [CHAT] 已执行: give @a diamond
[19:01:44] [Render thread/INFO] (Minecraft) [System] [CHAT] 已执行: /methods test.run "give @a diamond"
[19:01:44] [Render thread/INFO] (Minecraft) Loaded 21 advancements
[19:02:12] [Server thread/ERROR] (MinepyLoader) null
[19:02:22] [ForkJoinPool.commonPool-worker-2/ERROR] (MinepyLoader) null
[19:02:22] [Render thread/INFO] (Minecraft) [System] [CHAT] 已执行: /methods test.run ""/methods test.run "give @a diamond"""
[19:02:26] [Server thread/WARN] (Minecraft) Can't keep up! Is the server overloaded? Running 2005ms or 40 ticks behind
[19:02:54] [ForkJoinPool.commonPool-worker-2/ERROR] (MinepyLoader) null
[19:02:54] [Render thread/INFO] (Minecraft) [System] [CHAT] 已执行: /methods test.run "/methods test.run "give @a diamond""
[19:03:20] [ForkJoinPool.commonPool-worker-2/ERROR] (MinepyLoader) null
[19:03:20] [Render thread/INFO] (Minecraft) [System] [CHAT] 已执行: /methods test.run "/methods test.run "give @a diamond""
[19:03:42] [Server thread/ERROR] (MinepyLoader) null
[19:03:55] [Server thread/ERROR] (MinepyLoader) Index 2 out of bounds for length 2
[19:03:57] [Server thread/INFO] (Minecraft) [Player783: Method outputs the return value: 3.0]
[19:03:57] [Render thread/INFO] (Minecraft) [System] [CHAT] Method outputs the return value: 3.0
[19:04:06] [Server thread/INFO] (Minecraft) [Player783: Method outputs the return value: 20086.0]
[19:04:06] [Render thread/INFO] (Minecraft) [System] [CHAT] Method outputs the return value: 20086.0
[19:04:25] [Server thread/ERROR] (MinepyLoader) null
[19:04:30] [Server thread/ERROR] (MinepyLoader) null
[19:04:30] [Server thread/ERROR] (MinepyLoader) null
[19:04:31] [Server thread/ERROR] (MinepyLoader) null
[19:04:31] [Server thread/ERROR] (MinepyLoader) null
[19:04:31] [Server thread/ERROR] (MinepyLoader) null
[19:04:32] [Server thread/ERROR] (MinepyLoader) null
[19:04:32] [Server thread/ERROR] (MinepyLoader) null
[19:04:32] [Server thread/ERROR] (MinepyLoader) null
[19:04:33] [Server thread/ERROR] (MinepyLoader) null
[19:04:34] [Server thread/ERROR] (MinepyLoader) null
[19:04:58] [Render thread/INFO] (Minecraft) [System] [CHAT] 各位好
[19:05:14] [Render thread/INFO] (Minecraft) [System] [CHAT] 各位好
[19:05:14] [Render thread/INFO] (Minecraft) [System] [CHAT] 已执行: /tellraw @a {"text":"各位好"}
[19:05:20] [Server thread/INFO] (Minecraft) [Player783: Gave 1 [Command Block] to Player783]
[19:05:20] [Render thread/INFO] (Minecraft) [System] [CHAT] Gave 1 [Command Block] to Player783
[19:05:21] [Server thread/INFO] (Minecraft) Saving and pausing game...
[19:05:21] [Server thread/INFO] (Minecraft) Saving chunks for level 'ServerLevel[New World]'/minecraft:overworld
[19:05:21] [Server thread/INFO] (Minecraft) Saving chunks for level 'ServerLevel[New World]'/minecraft:the_nether
[19:05:21] [Server thread/INFO] (Minecraft) Saving chunks for level 'ServerLevel[New World]'/minecraft:the_end
[19:05:27] [Server thread/INFO] (Minecraft) Saving and pausing game...
[19:05:27] [Server thread/INFO] (Minecraft) Saving chunks for level 'ServerLevel[New World]'/minecraft:overworld
[19:05:27] [Server thread/INFO] (Minecraft) Saving chunks for level 'ServerLevel[New World]'/minecraft:the_nether
[19:05:27] [Server thread/INFO] (Minecraft) Saving chunks for level 'ServerLevel[New World]'/minecraft:the_end
[19:05:29] [Render thread/INFO] (Minecraft) [System] [CHAT] Command set: /methods test.run "/tellraw @a {\"text\":\"各位好\"}"
[19:05:29] [Server thread/ERROR] (MinepyLoader) [mpy inside] Executor Modifier need player
[19:05:29] [Server thread/INFO] (Minecraft) Saving and pausing game...
[19:05:29] [Server thread/INFO] (Minecraft) Saving chunks for level 'ServerLevel[New World]'/minecraft:overworld
[19:05:29] [Server thread/INFO] (Minecraft) Saving chunks for level 'ServerLevel[New World]'/minecraft:the_nether
[19:05:29] [Server thread/INFO] (Minecraft) Saving chunks for level 'ServerLevel[New World]'/minecraft:the_end
[19:05:32] [Render thread/INFO] (Minecraft) [System] [CHAT] Command set: /methods test.run "/tellraw @a {\"text\":\"各位好\"}"
[19:05:32] [Server thread/INFO] (Minecraft) Saving and pausing game...
[19:05:32] [Server thread/INFO] (Minecraft) Saving chunks for level 'ServerLevel[New World]'/minecraft:overworld
[19:05:32] [Server thread/INFO] (Minecraft) Saving chunks for level 'ServerLevel[New World]'/minecraft:the_nether
[19:05:32] [Server thread/INFO] (Minecraft) Saving chunks for level 'ServerLevel[New World]'/minecraft:the_end
[19:05:33] [Render thread/INFO] (Minecraft) [System] [CHAT] Command set: /methods test.run "/tellraw @a {\"text\":\"各位好\"}"
[19:05:39] [Server thread/INFO] (Minecraft) Saving and pausing game...
[19:05:39] [Server thread/INFO] (Minecraft) Saving chunks for level 'ServerLevel[New World]'/minecraft:overworld
[19:05:39] [Server thread/INFO] (Minecraft) Saving chunks for level 'ServerLevel[New World]'/minecraft:the_nether
[19:05:39] [Server thread/INFO] (Minecraft) Saving chunks for level 'ServerLevel[New World]'/minecraft:the_end
[19:05:48] [Render thread/INFO] (Minecraft) [System] [CHAT] Command set: /execute as @a run methods test.run "/tellraw @a {\"text\":\"各位好\"}"
[19:05:51] [Render thread/INFO] (Minecraft) [System] [CHAT] 各位好
[19:05:51] [Render thread/INFO] (Minecraft) [System] [CHAT] 已执行: /tellraw @a {"text":"各位好"}
[19:05:51] [Render thread/INFO] (Minecraft) [System] [CHAT] 各位好
[19:05:51] [Render thread/INFO] (Minecraft) [System] [CHAT] 已执行: /tellraw @a {"text":"各位好"}
[19:05:52] [Server thread/INFO] (Minecraft) Saving and pausing game...
[19:05:52] [Server thread/INFO] (Minecraft) Saving chunks for level 'ServerLevel[New World]'/minecraft:overworld
[19:05:53] [Server thread/INFO] (Minecraft) Saving chunks for level 'ServerLevel[New World]'/minecraft:the_nether
[19:05:53] [Server thread/INFO] (Minecraft) Saving chunks for level 'ServerLevel[New World]'/minecraft:the_end
[19:05:53] [Render thread/INFO] (Minecraft) [System] [CHAT] Command set: /execute as @a run methods test.run "/tellraw @a {\"text\":\"各位好\"}"
[19:05:55] [Render thread/INFO] (Minecraft) [System] [CHAT] 各位好
[19:05:55] [Render thread/INFO] (Minecraft) [System] [CHAT] 已执行: /tellraw @a {"text":"各位好"}
[19:05:55] [Server thread/INFO] (Minecraft) Saving and pausing game...
[19:05:55] [Server thread/INFO] (Minecraft) Saving chunks for level 'ServerLevel[New World]'/minecraft:overworld
[19:05:55] [Server thread/INFO] (Minecraft) Saving chunks for level 'ServerLevel[New World]'/minecraft:the_nether
[19:05:55] [Server thread/INFO] (Minecraft) Saving chunks for level 'ServerLevel[New World]'/minecraft:the_end
[19:05:56] [Render thread/INFO] (Minecraft) [System] [CHAT] Command set: /execute as @a run methods test.run "/tellraw @a {\"text\":\"各位好\"}"
[19:05:57] [Render thread/INFO] (Minecraft) [System] [CHAT] 各位好
[19:05:57] [Render thread/INFO] (Minecraft) [System] [CHAT] 已执行: /tellraw @a {"text":"各位好"}
[19:05:57] [Render thread/INFO] (Minecraft) [System] [CHAT] 各位好
[19:05:57] [Render thread/INFO] (Minecraft) [System] [CHAT] 已执行: /tellraw @a {"text":"各位好"}
[19:05:57] [Render thread/INFO] (Minecraft) [System] [CHAT] 各位好
[19:05:57] [Render thread/INFO] (Minecraft) [System] [CHAT] 已执行: /tellraw @a {"text":"各位好"}
[19:05:58] [Render thread/INFO] (Minecraft) [System] [CHAT] 各位好
[19:05:58] [Render thread/INFO] (Minecraft) [System] [CHAT] 已执行: /tellraw @a {"text":"各位好"}
[19:05:58] [Render thread/INFO] (Minecraft) [System] [CHAT] 各位好
[19:05:58] [Render thread/INFO] (Minecraft) [System] [CHAT] 已执行: /tellraw @a {"text":"各位好"}
[19:05:58] [Render thread/INFO] (Minecraft) [System] [CHAT] 各位好
[19:05:58] [Render thread/INFO] (Minecraft) [System] [CHAT] 已执行: /tellraw @a {"text":"各位好"}
[19:05:58] [Render thread/INFO] (Minecraft) [System] [CHAT] 各位好
[19:05:58] [Render thread/INFO] (Minecraft) [System] [CHAT] 已执行: /tellraw @a {"text":"各位好"}
[19:05:59] [Render thread/INFO] (Minecraft) [System] [CHAT] 各位好
[19:05:59] [Render thread/INFO] (Minecraft) [System] [CHAT] 已执行: /tellraw @a {"text":"各位好"}
[19:05:59] [Render thread/INFO] (Minecraft) [System] [CHAT] 各位好
[19:05:59] [Render thread/INFO] (Minecraft) [System] [CHAT] 已执行: /tellraw @a {"text":"各位好"}
[19:05:59] [Render thread/INFO] (Minecraft) [System] [CHAT] 各位好
[19:05:59] [Render thread/INFO] (Minecraft) [System] [CHAT] 已执行: /tellraw @a {"text":"各位好"}
[19:06:00] [Render thread/INFO] (Minecraft) [System] [CHAT] 各位好
[19:06:00] [Render thread/INFO] (Minecraft) [System] [CHAT] 已执行: /tellraw @a {"text":"各位好"}
[19:06:00] [Render thread/INFO] (Minecraft) [System] [CHAT] 各位好
[19:06:00] [Render thread/INFO] (Minecraft) [System] [CHAT] 已执行: /tellraw @a {"text":"各位好"}
[19:06:00] [Render thread/INFO] (Minecraft) [System] [CHAT] 各位好
[19:06:00] [Render thread/INFO] (Minecraft) [System] [CHAT] 已执行: /tellraw @a {"text":"各位好"}
[19:06:00] [Render thread/INFO] (Minecraft) [System] [CHAT] 各位好
[19:06:00] [Render thread/INFO] (Minecraft) [System] [CHAT] 已执行: /tellraw @a {"text":"各位好"}
[19:06:01] [Render thread/INFO] (Minecraft) [System] [CHAT] 各位好
[19:06:01] [Render thread/INFO] (Minecraft) [System] [CHAT] 已执行: /tellraw @a {"text":"各位好"}
[19:06:01] [Render thread/INFO] (Minecraft) [System] [CHAT] 各位好
[19:06:01] [Render thread/INFO] (Minecraft) [System] [CHAT] 已执行: /tellraw @a {"text":"各位好"}
[19:06:01] [Render thread/INFO] (Minecraft) [System] [CHAT] 各位好
[19:06:01] [Render thread/INFO] (Minecraft) [System] [CHAT] 已执行: /tellraw @a {"text":"各位好"}
[19:06:02] [Render thread/INFO] (Minecraft) [System] [CHAT] 各位好
[19:06:02] [Render thread/INFO] (Minecraft) [System] [CHAT] 已执行: /tellraw @a {"text":"各位好"}
[19:06:02] [Render thread/INFO] (Minecraft) [System] [CHAT] 各位好
[19:06:02] [Render thread/INFO] (Minecraft) [System] [CHAT] 已执行: /tellraw @a {"text":"各位好"}
[19:06:02] [Render thread/INFO] (Minecraft) [System] [CHAT] 各位好
[19:06:02] [Render thread/INFO] (Minecraft) [System] [CHAT] 已执行: /tellraw @a {"text":"各位好"}
[19:06:03] [Render thread/INFO] (Minecraft) [System] [CHAT] 各位好
[19:06:03] [Render thread/INFO] (Minecraft) [System] [CHAT] 已执行: /tellraw @a {"text":"各位好"}
[19:06:03] [Render thread/INFO] (Minecraft) [System] [CHAT] 各位好
[19:06:03] [Render thread/INFO] (Minecraft) [System] [CHAT] 已执行: /tellraw @a {"text":"各位好"}
[19:06:03] [Render thread/INFO] (Minecraft) [System] [CHAT] 各位好
[19:06:03] [Render thread/INFO] (Minecraft) [System] [CHAT] 已执行: /tellraw @a {"text":"各位好"}
[19:06:04] [Render thread/INFO] (Minecraft) [System] [CHAT] 各位好
[19:06:04] [Render thread/INFO] (Minecraft) [System] [CHAT] 已执行: /tellraw @a {"text":"各位好"}
[19:06:04] [Render thread/INFO] (Minecraft) [System] [CHAT] 各位好
[19:06:04] [Render thread/INFO] (Minecraft) [System] [CHAT] 已执行: /tellraw @a {"text":"各位好"}
[19:06:04] [Render thread/INFO] (Minecraft) [System] [CHAT] 各位好
[19:06:04] [Render thread/INFO] (Minecraft) [System] [CHAT] 已执行: /tellraw @a {"text":"各位好"}
[19:06:04] [Render thread/INFO] (Minecraft) [System] [CHAT] 各位好
[19:06:04] [Render thread/INFO] (Minecraft) [System] [CHAT] 已执行: /tellraw @a {"text":"各位好"}
[19:06:05] [Render thread/INFO] (Minecraft) [System] [CHAT] 各位好
[19:06:05] [Render thread/INFO] (Minecraft) [System] [CHAT] 已执行: /tellraw @a {"text":"各位好"}
[19:06:05] [Render thread/INFO] (Minecraft) [System] [CHAT] 各位好
[19:06:05] [Render thread/INFO] (Minecraft) [System] [CHAT] 已执行: /tellraw @a {"text":"各位好"}
[19:06:05] [Render thread/INFO] (Minecraft) [System] [CHAT] 各位好
[19:06:05] [Render thread/INFO] (Minecraft) [System] [CHAT] 已执行: /tellraw @a {"text":"各位好"}
[19:06:05] [Render thread/INFO] (Minecraft) [System] [CHAT] 各位好
[19:06:05] [Render thread/INFO] (Minecraft) [System] [CHAT] 已执行: /tellraw @a {"text":"各位好"}
[19:06:05] [Render thread/INFO] (Minecraft) [System] [CHAT] 各位好
[19:06:05] [Render thread/INFO] (Minecraft) [System] [CHAT] 已执行: /tellraw @a {"text":"各位好"}
[19:06:06] [Render thread/INFO] (Minecraft) [System] [CHAT] 各位好
[19:06:06] [Render thread/INFO] (Minecraft) [System] [CHAT] 已执行: /tellraw @a {"text":"各位好"}
[19:06:06] [Render thread/INFO] (Minecraft) [System] [CHAT] 各位好
[19:06:06] [Render thread/INFO] (Minecraft) [System] [CHAT] 已执行: /tellraw @a {"text":"各位好"}
[19:06:06] [Render thread/INFO] (Minecraft) [System] [CHAT] 各位好
[19:06:06] [Render thread/INFO] (Minecraft) [System] [CHAT] 已执行: /tellraw @a {"text":"各位好"}
[19:06:06] [Render thread/INFO] (Minecraft) [System] [CHAT] 各位好
[19:06:06] [Render thread/INFO] (Minecraft) [System] [CHAT] 已执行: /tellraw @a {"text":"各位好"}
[19:06:06] [Render thread/INFO] (Minecraft) [System] [CHAT] 各位好
[19:06:06] [Render thread/INFO] (Minecraft) [System] [CHAT] 已执行: /tellraw @a {"text":"各位好"}
[19:06:07] [Render thread/INFO] (Minecraft) [System] [CHAT] 各位好
[19:06:07] [Render thread/INFO] (Minecraft) [System] [CHAT] 已执行: /tellraw @a {"text":"各位好"}
[19:06:07] [Render thread/INFO] (Minecraft) [System] [CHAT] 各位好
[19:06:07] [Render thread/INFO] (Minecraft) [System] [CHAT] 已执行: /tellraw @a {"text":"各位好"}
[19:06:08] [Render thread/INFO] (Minecraft) [System] [CHAT] 各位好
[19:06:08] [Render thread/INFO] (Minecraft) [System] [CHAT] 已执行: /tellraw @a {"text":"各位好"}
[19:06:08] [Render thread/INFO] (Minecraft) [System] [CHAT] 各位好
[19:06:08] [Render thread/INFO] (Minecraft) [System] [CHAT] 已执行: /tellraw @a {"text":"各位好"}
[19:06:08] [Render thread/INFO] (Minecraft) [System] [CHAT] 各位好
[19:06:08] [Render thread/INFO] (Minecraft) [System] [CHAT] 已执行: /tellraw @a {"text":"各位好"}
[19:06:09] [Render thread/INFO] (Minecraft) [System] [CHAT] 各位好
[19:06:09] [Render thread/INFO] (Minecraft) [System] [CHAT] 已执行: /tellraw @a {"text":"各位好"}
[19:06:09] [Render thread/INFO] (Minecraft) [System] [CHAT] 各位好
[19:06:09] [Render thread/INFO] (Minecraft) [System] [CHAT] 已执行: /tellraw @a {"text":"各位好"}
[19:06:10] [Render thread/INFO] (Minecraft) [System] [CHAT] 各位好
[19:06:10] [Render thread/INFO] (Minecraft) [System] [CHAT] 已执行: /tellraw @a {"text":"各位好"}
[19:06:10] [Render thread/INFO] (Minecraft) [System] [CHAT] 各位好
[19:06:10] [Render thread/INFO] (Minecraft) [System] [CHAT] 已执行: /tellraw @a {"text":"各位好"}
[19:06:10] [Render thread/INFO] (Minecraft) [System] [CHAT] 各位好
[19:06:10] [Render thread/INFO] (Minecraft) [System] [CHAT] 已执行: /tellraw @a {"text":"各位好"}
[19:06:11] [Render thread/INFO] (Minecraft) [System] [CHAT] 各位好
[19:06:11] [Render thread/INFO] (Minecraft) [System] [CHAT] 已执行: /tellraw @a {"text":"各位好"}
[19:06:11] [Render thread/INFO] (Minecraft) [System] [CHAT] 各位好
[19:06:11] [Render thread/INFO] (Minecraft) [System] [CHAT] 已执行: /tellraw @a {"text":"各位好"}
[19:06:12] [Render thread/INFO] (Minecraft) [System] [CHAT] 各位好
[19:06:12] [Render thread/INFO] (Minecraft) [System] [CHAT] 已执行: /tellraw @a {"text":"各位好"}
[19:06:12] [Render thread/INFO] (Minecraft) [System] [CHAT] 各位好
[19:06:12] [Render thread/INFO] (Minecraft) [System] [CHAT] 已执行: /tellraw @a {"text":"各位好"}
[19:06:12] [Render thread/INFO] (Minecraft) [System] [CHAT] 各位好
[19:06:12] [Render thread/INFO] (Minecraft) [System] [CHAT] 已执行: /tellraw @a {"text":"各位好"}
[19:06:13] [Render thread/INFO] (Minecraft) [System] [CHAT] 各位好
[19:06:13] [Render thread/INFO] (Minecraft) [System] [CHAT] 已执行: /tellraw @a {"text":"各位好"}
[19:06:13] [Render thread/INFO] (Minecraft) [System] [CHAT] 各位好
[19:06:13] [Render thread/INFO] (Minecraft) [System] [CHAT] 已执行: /tellraw @a {"text":"各位好"}
[19:06:14] [Render thread/INFO] (Minecraft) [System] [CHAT] 各位好
[19:06:14] [Render thread/INFO] (Minecraft) [System] [CHAT] 已执行: /tellraw @a {"text":"各位好"}
[19:06:16] [Server thread/INFO] (Minecraft) [Not Secure] <Player783> 123451324231
[19:06:17] [Render thread/INFO] (Minecraft) [CHAT] <Player783> 123451324231
[19:06:17] [Server thread/INFO] (Minecraft) Saving and pausing game...
[19:06:17] [Server thread/INFO] (Minecraft) Saving chunks for level 'ServerLevel[New World]'/minecraft:overworld
[19:06:17] [Server thread/INFO] (Minecraft) Saving chunks for level 'ServerLevel[New World]'/minecraft:the_nether
[19:06:17] [Server thread/INFO] (Minecraft) Saving chunks for level 'ServerLevel[New World]'/minecraft:the_end
[19:06:18] [Render thread/INFO] (Minecraft) [System] [CHAT] Command set: /execute as @a run methods test.run "/tellraw @a {\"text\":\"各位好\"}"
[19:06:18] [Render thread/INFO] (Minecraft) [System] [CHAT] 各位好
[19:06:18] [Render thread/INFO] (Minecraft) [System] [CHAT] 已执行: /tellraw @a {"text":"各位好"}
[19:06:19] [Render thread/INFO] (Minecraft) [System] [CHAT] 各位好
[19:06:19] [Render thread/INFO] (Minecraft) [System] [CHAT] 已执行: /tellraw @a {"text":"各位好"}
[19:06:20] [Render thread/INFO] (Minecraft) [System] [CHAT] 各位好
[19:06:20] [Render thread/INFO] (Minecraft) [System] [CHAT] 已执行: /tellraw @a {"text":"各位好"}
[19:06:20] [Render thread/INFO] (Minecraft) [System] [CHAT] 各位好
[19:06:20] [Render thread/INFO] (Minecraft) [System] [CHAT] 已执行: /tellraw @a {"text":"各位好"}
[19:06:26] [Server thread/INFO] (Minecraft) Saving and pausing game...
[19:06:26] [Server thread/INFO] (Minecraft) Saving chunks for level 'ServerLevel[New World]'/minecraft:overworld
[19:06:26] [Server thread/INFO] (Minecraft) Saving chunks for level 'ServerLevel[New World]'/minecraft:the_nether
[19:06:26] [Server thread/INFO] (Minecraft) Saving chunks for level 'ServerLevel[New World]'/minecraft:the_end
[19:06:27] [Server thread/INFO] (Minecraft) Player783 lost connection: Disconnected
[19:06:27] [Server thread/INFO] (Minecraft) Player783 left the game
[19:06:27] [Server thread/INFO] (Minecraft) Stopping singleplayer server as player logged out
[19:06:27] [Server thread/INFO] (Minecraft) Stopping server
[19:06:27] [Server thread/INFO] (Minecraft) Saving players
[19:06:27] [Server thread/INFO] (Minecraft) Saving worlds
[19:06:42] [Server thread/INFO] (Minecraft) Saving chunks for level 'ServerLevel[New World]'/minecraft:overworld
[19:06:43] [Server thread/INFO] (Minecraft) Saving chunks for level 'ServerLevel[New World]'/minecraft:the_nether
[19:06:43] [Server thread/INFO] (Minecraft) Saving chunks for level 'ServerLevel[New World]'/minecraft:the_end
[19:06:44] [Server thread/INFO] (Minecraft) ThreadedAnvilChunkStorage (New World): All chunks are saved
[19:06:44] [Server thread/INFO] (Minecraft) ThreadedAnvilChunkStorage (DIM-1): All chunks are saved
[19:06:44] [Server thread/INFO] (Minecraft) ThreadedAnvilChunkStorage (DIM1): All chunks are saved
[19:06:44] [Server thread/INFO] (Minecraft) ThreadedAnvilChunkStorage: All dimensions are saved
[19:06:44] [Render thread/INFO] (Minecraft) Stopping!
